main.c:161:5:__io_putchar	24	static
main.c:168:5:_write	32	static
main.c:176:10:read_TIM5	4	static
main.c:180:6:HAL_GPIO_EXTI_Callback	16	static
main.c:192:6:setup_mpu	40	static
main.c:202:6:make_message	112	static
main.c:266:9:checksum	24	static
main.c:274:6:make_lidar_string	24	static
main.c:301:6:delay	24	static
main.c:307:6:cp	16	static
main.c:313:6:HAL_TIM_OC_DelayElapsedCallback	16	static
main.c:360:6:HAL_UART_RxCpltCallback	16	static
main.c:371:6:receive_from_pc	8	static
main.c:375:16:parse_data	24	static
main.c:389:6:align_timer	4	static
main.c:402:5:main	32	static
main.c:577:6:SystemClock_Config	104	static
main.c:628:13:MX_I2C1_Init	8	static
main.c:662:13:MX_I2C2_Init	8	static
main.c:696:13:MX_RTC_Init	8	static
main.c:730:13:MX_TIM1_Init	96	static
main.c:805:13:MX_TIM2_Init	64	static
main.c:867:13:MX_TIM3_Init	64	static
main.c:927:13:MX_TIM5_Init	64	static
main.c:987:13:MX_TIM8_Init	96	static
main.c:1061:13:MX_UART4_Init	8	static
main.c:1094:13:MX_UART5_Init	8	static
main.c:1125:13:MX_DMA_Init	16	static
main.c:1155:13:MX_GPIO_Init	56	static
main.c:1200:6:Error_Handler	4	static
