main.c:180:6:setup_mpu	40	static
main.c:189:6:make_message_	8	static
main.c:199:6:make_message	112	static
main.c:263:9:checksum	24	static
main.c:271:6:delay	24	static
main.c:277:6:cp	16	static
main.c:283:6:HAL_TIM_PeriodElapsedCallback	16	static
main.c:331:6:HAL_UART_RxCpltCallback	16	static
main.c:339:6:HAL_TIM_IC_CaptureCallback	16	static
main.c:362:6:receive_from_pc	8	static
main.c:366:16:parse_data	24	static
main.c:393:5:main	32	static
main.c:573:6:SystemClock_Config	88	static
main.c:617:13:MX_I2C1_Init	8	static
main.c:651:13:MX_I2C2_Init	8	static
main.c:685:13:MX_TIM2_Init	48	static
main.c:751:13:MX_TIM3_Init	64	static
main.c:814:13:MX_TIM4_Init	64	static
main.c:877:13:MX_UART4_Init	8	static
main.c:908:13:MX_DMA_Init	16	static
main.c:935:13:MX_GPIO_Init	56	static
main.c:975:6:Error_Handler	4	static
